0 verbose cli /usr/bin/node /usr/bin/npm
1 info using npm@10.8.2
2 info using node@v20.19.6
3 silly config load:file:/usr/lib/node_modules/npm/npmrc
4 warn config production Use `--omit=dev` instead.
5 silly config load:file:/home/martin/miproyectovps/panel/.npmrc
6 silly config load:file:/home/martin/.npmrc
7 silly config load:file:/usr/etc/npmrc
8 verbose title npm install
9 verbose argv "install" "--production" "--no-audit" "--no-fund"
10 verbose logfile logs-max:10 dir:/home/martin/.npm/_logs/2026-01-13T01_05_18_991Z-
11 verbose logfile /home/martin/.npm/_logs/2026-01-13T01_05_18_991Z-debug-0.log
12 silly packumentCache heap:2197815296 maxSize:549453824 maxEntrySize:274726912
13 silly logfile done cleaning log files
14 silly idealTree buildDeps
15 silly fetch manifest prom-client@^14.0.0
16 silly packumentCache full:https://registry.npmjs.org/prom-client cache-miss
17 http fetch GET 200 https://registry.npmjs.org/prom-client 159ms (cache miss)
18 silly packumentCache full:https://registry.npmjs.org/prom-client set size:undefined disposed:false
19 silly placeDep ROOT prom-client@14.2.0 OK for: vps-panel@0.1.0 want: ^14.0.0
20 silly fetch manifest tdigest@^0.1.1
21 silly packumentCache full:https://registry.npmjs.org/tdigest cache-miss
22 http fetch GET 200 https://registry.npmjs.org/tdigest 33ms (cache miss)
23 silly packumentCache full:https://registry.npmjs.org/tdigest set size:undefined disposed:false
24 silly placeDep ROOT tdigest@0.1.2 OK for: prom-client@14.2.0 want: ^0.1.1
25 silly fetch manifest bintrees@1.0.2
26 silly packumentCache full:https://registry.npmjs.org/bintrees cache-miss
27 http fetch GET 200 https://registry.npmjs.org/bintrees 52ms (cache miss)
28 silly packumentCache full:https://registry.npmjs.org/bintrees set size:undefined disposed:false
29 silly placeDep ROOT bintrees@1.0.2 OK for: tdigest@0.1.2 want: 1.0.2
30 silly reify moves {}
31 silly tarball no local data for bintrees@https://registry.npmjs.org/bintrees/-/bintrees-1.0.2.tgz. Extracting by manifest.
32 silly tarball no local data for tdigest@https://registry.npmjs.org/tdigest/-/tdigest-0.1.2.tgz. Extracting by manifest.
33 silly tarball no local data for prom-client@https://registry.npmjs.org/prom-client/-/prom-client-14.2.0.tgz. Extracting by manifest.
34 http fetch GET 200 https://registry.npmjs.org/tdigest/-/tdigest-0.1.2.tgz 101ms (cache miss)
35 http fetch GET 200 https://registry.npmjs.org/prom-client/-/prom-client-14.2.0.tgz 125ms (cache miss)
36 http fetch GET 200 https://registry.npmjs.org/bintrees/-/bintrees-1.0.2.tgz 193ms (cache miss)
37 silly ADD node_modules/bintrees
38 silly ADD node_modules/tdigest
39 silly ADD node_modules/prom-client
40 verbose cwd /home/martin/miproyectovps/panel
41 verbose os Linux 5.15.0-164-generic
42 verbose node v20.19.6
43 verbose npm  v10.8.2
44 verbose exit 0
45 info ok
