0 verbose cli /usr/bin/node /usr/bin/npm
1 info using npm@10.8.2
2 info using node@v20.19.6
3 silly config load:file:/usr/lib/node_modules/npm/npmrc
4 silly config load:file:/home/martin/miproyectovps/panel/.npmrc
5 silly config load:file:/home/martin/.npmrc
6 silly config load:file:/usr/etc/npmrc
7 verbose title npm install
8 verbose argv "install" "--no-audit" "--no-fund" "--loglevel" "silent"
9 verbose logfile logs-max:10 dir:/home/martin/.npm/_logs/2026-01-10T23_19_28_318Z-
10 verbose logfile /home/martin/.npm/_logs/2026-01-10T23_19_28_318Z-debug-0.log
11 silly packumentCache heap:2197815296 maxSize:549453824 maxEntrySize:274726912
12 silly logfile done cleaning log files
13 silly idealTree buildDeps
14 silly fetch manifest express@^4.18.2
15 silly packumentCache full:https://registry.npmjs.org/express cache-miss
16 http fetch GET 200 https://registry.npmjs.org/express 131ms (cache miss)
17 silly packumentCache full:https://registry.npmjs.org/express set size:undefined disposed:false
18 silly placeDep ROOT express@4.22.1 OK for: vps-panel@0.1.0 want: ^4.18.2
19 silly fetch manifest qs@~6.14.0
20 silly packumentCache full:https://registry.npmjs.org/qs cache-miss
21 http fetch GET 200 https://registry.npmjs.org/qs 42ms (cache miss)
22 silly packumentCache full:https://registry.npmjs.org/qs set size:undefined disposed:false
23 silly fetch manifest depd@2.0.0
24 silly packumentCache full:https://registry.npmjs.org/depd cache-miss
25 http fetch GET 200 https://registry.npmjs.org/depd 34ms (cache miss)
26 silly packumentCache full:https://registry.npmjs.org/depd set size:undefined disposed:false
27 silly fetch manifest etag@~1.8.1
28 silly packumentCache full:https://registry.npmjs.org/etag cache-miss
29 http fetch GET 200 https://registry.npmjs.org/etag 33ms (cache miss)
30 silly packumentCache full:https://registry.npmjs.org/etag set size:undefined disposed:false
31 silly fetch manifest send@~0.19.0
32 silly packumentCache full:https://registry.npmjs.org/send cache-miss
33 http fetch GET 200 https://registry.npmjs.org/send 36ms (cache miss)
34 silly packumentCache full:https://registry.npmjs.org/send set size:undefined disposed:false
35 silly fetch manifest vary@~1.1.2
36 silly packumentCache full:https://registry.npmjs.org/vary cache-miss
37 http fetch GET 200 https://registry.npmjs.org/vary 29ms (cache miss)
38 silly packumentCache full:https://registry.npmjs.org/vary set size:undefined disposed:false
39 silly fetch manifest debug@2.6.9
40 silly packumentCache full:https://registry.npmjs.org/debug cache-miss
41 http fetch GET 200 https://registry.npmjs.org/debug 38ms (cache miss)
42 silly packumentCache full:https://registry.npmjs.org/debug set size:undefined disposed:false
43 silly fetch manifest fresh@~0.5.2
44 silly packumentCache full:https://registry.npmjs.org/fresh cache-miss
45 http fetch GET 200 https://registry.npmjs.org/fresh 31ms (cache miss)
46 silly packumentCache full:https://registry.npmjs.org/fresh set size:undefined disposed:false
47 silly fetch manifest cookie@~0.7.1
48 silly packumentCache full:https://registry.npmjs.org/cookie cache-miss
49 http fetch GET 200 https://registry.npmjs.org/cookie 31ms (cache miss)
50 silly packumentCache full:https://registry.npmjs.org/cookie set size:undefined disposed:false
51 silly fetch manifest accepts@~1.3.8
52 silly packumentCache full:https://registry.npmjs.org/accepts cache-miss
53 http fetch GET 200 https://registry.npmjs.org/accepts 34ms (cache miss)
54 silly packumentCache full:https://registry.npmjs.org/accepts set size:undefined disposed:false
55 silly fetch manifest methods@~1.1.2
56 silly packumentCache full:https://registry.npmjs.org/methods cache-miss
57 http fetch GET 200 https://registry.npmjs.org/methods 32ms (cache miss)
58 silly packumentCache full:https://registry.npmjs.org/methods set size:undefined disposed:false
59 silly fetch manifest type-is@~1.6.18
60 silly packumentCache full:https://registry.npmjs.org/type-is cache-miss
61 http fetch GET 200 https://registry.npmjs.org/type-is 43ms (cache miss)
62 silly packumentCache full:https://registry.npmjs.org/type-is set size:undefined disposed:false
63 silly fetch manifest parseurl@~1.3.3
64 silly packumentCache full:https://registry.npmjs.org/parseurl cache-miss
65 http fetch GET 200 https://registry.npmjs.org/parseurl 35ms (cache miss)
66 silly packumentCache full:https://registry.npmjs.org/parseurl set size:undefined disposed:false
67 silly fetch manifest statuses@~2.0.1
68 silly packumentCache full:https://registry.npmjs.org/statuses cache-miss
69 http fetch GET 200 https://registry.npmjs.org/statuses 33ms (cache miss)
70 silly packumentCache full:https://registry.npmjs.org/statuses set size:undefined disposed:false
71 silly fetch manifest encodeurl@~2.0.0
72 silly packumentCache full:https://registry.npmjs.org/encodeurl cache-miss
73 http fetch GET 200 https://registry.npmjs.org/encodeurl 30ms (cache miss)
74 silly packumentCache full:https://registry.npmjs.org/encodeurl set size:undefined disposed:false
75 silly fetch manifest proxy-addr@~2.0.7
76 silly packumentCache full:https://registry.npmjs.org/proxy-addr cache-miss
77 http fetch GET 200 https://registry.npmjs.org/proxy-addr 29ms (cache miss)
78 silly packumentCache full:https://registry.npmjs.org/proxy-addr set size:undefined disposed:false
79 silly fetch manifest body-parser@~1.20.3
80 silly packumentCache full:https://registry.npmjs.org/body-parser cache-miss
81 http fetch GET 200 https://registry.npmjs.org/body-parser 36ms (cache miss)
82 silly packumentCache full:https://registry.npmjs.org/body-parser set size:undefined disposed:false
83 silly fetch manifest escape-html@~1.0.3
84 silly packumentCache full:https://registry.npmjs.org/escape-html cache-miss
85 http fetch GET 200 https://registry.npmjs.org/escape-html 36ms (cache miss)
86 silly packumentCache full:https://registry.npmjs.org/escape-html set size:undefined disposed:false
87 silly fetch manifest http-errors@~2.0.0
88 silly packumentCache full:https://registry.npmjs.org/http-errors cache-miss
89 http fetch GET 200 https://registry.npmjs.org/http-errors 33ms (cache miss)
90 silly packumentCache full:https://registry.npmjs.org/http-errors set size:undefined disposed:false
91 silly fetch manifest on-finished@~2.4.1
92 silly packumentCache full:https://registry.npmjs.org/on-finished cache-miss
93 http fetch GET 200 https://registry.npmjs.org/on-finished 30ms (cache miss)
94 silly packumentCache full:https://registry.npmjs.org/on-finished set size:undefined disposed:false
95 silly fetch manifest safe-buffer@5.2.1
96 silly packumentCache full:https://registry.npmjs.org/safe-buffer cache-miss
97 http fetch GET 200 https://registry.npmjs.org/safe-buffer 30ms (cache miss)
98 silly packumentCache full:https://registry.npmjs.org/safe-buffer set size:undefined disposed:false
99 silly fetch manifest utils-merge@1.0.1
100 silly packumentCache full:https://registry.npmjs.org/utils-merge cache-miss
101 http fetch GET 200 https://registry.npmjs.org/utils-merge 27ms (cache miss)
102 silly packumentCache full:https://registry.npmjs.org/utils-merge set size:undefined disposed:false
103 silly fetch manifest content-type@~1.0.4
104 silly packumentCache full:https://registry.npmjs.org/content-type cache-miss
105 http fetch GET 200 https://registry.npmjs.org/content-type 27ms (cache miss)
106 silly packumentCache full:https://registry.npmjs.org/content-type set size:undefined disposed:false
107 silly fetch manifest finalhandler@~1.3.1
108 silly packumentCache full:https://registry.npmjs.org/finalhandler cache-miss
109 http fetch GET 200 https://registry.npmjs.org/finalhandler 33ms (cache miss)
110 silly packumentCache full:https://registry.npmjs.org/finalhandler set size:undefined disposed:false
111 silly fetch manifest range-parser@~1.2.1
112 silly packumentCache full:https://registry.npmjs.org/range-parser cache-miss
113 http fetch GET 200 https://registry.npmjs.org/range-parser 33ms (cache miss)
114 silly packumentCache full:https://registry.npmjs.org/range-parser set size:undefined disposed:false
115 silly fetch manifest serve-static@~1.16.2
116 silly packumentCache full:https://registry.npmjs.org/serve-static cache-miss
117 http fetch GET 200 https://registry.npmjs.org/serve-static 32ms (cache miss)
118 silly packumentCache full:https://registry.npmjs.org/serve-static set size:undefined disposed:false
119 silly fetch manifest array-flatten@1.1.1
120 silly packumentCache full:https://registry.npmjs.org/array-flatten cache-miss
121 http fetch GET 200 https://registry.npmjs.org/array-flatten 24ms (cache miss)
122 silly packumentCache full:https://registry.npmjs.org/array-flatten set size:undefined disposed:false
123 silly fetch manifest path-to-regexp@~0.1.12
124 silly packumentCache full:https://registry.npmjs.org/path-to-regexp cache-miss
125 http fetch GET 200 https://registry.npmjs.org/path-to-regexp 35ms (cache miss)
126 silly packumentCache full:https://registry.npmjs.org/path-to-regexp set size:undefined disposed:false
127 silly fetch manifest setprototypeof@1.2.0
128 silly packumentCache full:https://registry.npmjs.org/setprototypeof cache-miss
129 http fetch GET 200 https://registry.npmjs.org/setprototypeof 38ms (cache miss)
130 silly packumentCache full:https://registry.npmjs.org/setprototypeof set size:undefined disposed:false
131 silly fetch manifest cookie-signature@~1.0.6
132 silly packumentCache full:https://registry.npmjs.org/cookie-signature cache-miss
133 http fetch GET 200 https://registry.npmjs.org/cookie-signature 28ms (cache miss)
134 silly packumentCache full:https://registry.npmjs.org/cookie-signature set size:undefined disposed:false
135 silly fetch manifest merge-descriptors@1.0.3
136 silly packumentCache full:https://registry.npmjs.org/merge-descriptors cache-miss
137 http fetch GET 200 https://registry.npmjs.org/merge-descriptors 28ms (cache miss)
138 silly packumentCache full:https://registry.npmjs.org/merge-descriptors set size:undefined disposed:false
139 silly fetch manifest content-disposition@~0.5.4
140 silly packumentCache full:https://registry.npmjs.org/content-disposition cache-miss
141 http fetch GET 200 https://registry.npmjs.org/content-disposition 35ms (cache miss)
142 silly packumentCache full:https://registry.npmjs.org/content-disposition set size:undefined disposed:false
143 silly placeDep ROOT accepts@1.3.8 OK for: express@4.22.1 want: ~1.3.8
144 silly placeDep ROOT array-flatten@1.1.1 OK for: express@4.22.1 want: 1.1.1
145 silly placeDep ROOT body-parser@1.20.4 OK for: express@4.22.1 want: ~1.20.3
146 silly placeDep ROOT content-disposition@0.5.4 OK for: express@4.22.1 want: ~0.5.4
147 silly placeDep ROOT content-type@1.0.5 OK for: express@4.22.1 want: ~1.0.4
148 silly placeDep ROOT cookie@0.7.2 OK for: express@4.22.1 want: ~0.7.1
149 silly placeDep ROOT cookie-signature@1.0.7 OK for: express@4.22.1 want: ~1.0.6
150 silly placeDep ROOT debug@2.6.9 OK for: express@4.22.1 want: 2.6.9
151 silly placeDep ROOT depd@2.0.0 OK for: express@4.22.1 want: 2.0.0
152 silly placeDep ROOT encodeurl@2.0.0 OK for: express@4.22.1 want: ~2.0.0
153 silly placeDep ROOT escape-html@1.0.3 OK for: express@4.22.1 want: ~1.0.3
154 silly placeDep ROOT etag@1.8.1 OK for: express@4.22.1 want: ~1.8.1
155 silly placeDep ROOT finalhandler@1.3.2 OK for: express@4.22.1 want: ~1.3.1
156 silly placeDep ROOT fresh@0.5.2 OK for: express@4.22.1 want: ~0.5.2
157 silly placeDep ROOT http-errors@2.0.1 OK for: express@4.22.1 want: ~2.0.0
158 silly placeDep ROOT merge-descriptors@1.0.3 OK for: express@4.22.1 want: 1.0.3
159 silly placeDep ROOT methods@1.1.2 OK for: express@4.22.1 want: ~1.1.2
160 silly placeDep ROOT on-finished@2.4.1 OK for: express@4.22.1 want: ~2.4.1
161 silly placeDep ROOT parseurl@1.3.3 OK for: express@4.22.1 want: ~1.3.3
162 silly placeDep ROOT path-to-regexp@0.1.12 OK for: express@4.22.1 want: ~0.1.12
163 silly placeDep ROOT proxy-addr@2.0.7 OK for: express@4.22.1 want: ~2.0.7
164 silly placeDep ROOT qs@6.14.1 OK for: express@4.22.1 want: ~6.14.0
165 silly placeDep ROOT range-parser@1.2.1 OK for: express@4.22.1 want: ~1.2.1
166 silly placeDep ROOT safe-buffer@5.2.1 OK for: express@4.22.1 want: 5.2.1
167 silly placeDep ROOT send@0.19.2 OK for: express@4.22.1 want: ~0.19.0
168 silly placeDep ROOT serve-static@1.16.3 OK for: express@4.22.1 want: ~1.16.2
169 silly placeDep ROOT setprototypeof@1.2.0 OK for: express@4.22.1 want: 1.2.0
170 silly placeDep ROOT statuses@2.0.2 OK for: express@4.22.1 want: ~2.0.1
171 silly placeDep ROOT type-is@1.6.18 OK for: express@4.22.1 want: ~1.6.18
172 silly placeDep ROOT utils-merge@1.0.1 OK for: express@4.22.1 want: 1.0.1
173 silly placeDep ROOT vary@1.1.2 OK for: express@4.22.1 want: ~1.1.2
174 silly fetch manifest mime-types@~2.1.34
175 silly packumentCache full:https://registry.npmjs.org/mime-types cache-miss
176 http fetch GET 200 https://registry.npmjs.org/mime-types 40ms (cache miss)
177 silly packumentCache full:https://registry.npmjs.org/mime-types set size:undefined disposed:false
178 silly fetch manifest negotiator@0.6.3
179 silly packumentCache full:https://registry.npmjs.org/negotiator cache-miss
180 http fetch GET 200 https://registry.npmjs.org/negotiator 40ms (cache miss)
181 silly packumentCache full:https://registry.npmjs.org/negotiator set size:undefined disposed:false
182 silly fetch manifest bytes@~3.1.2
183 silly packumentCache full:https://registry.npmjs.org/bytes cache-miss
184 http fetch GET 200 https://registry.npmjs.org/bytes 38ms (cache miss)
185 silly packumentCache full:https://registry.npmjs.org/bytes set size:undefined disposed:false
186 silly fetch manifest unpipe@~1.0.0
187 silly packumentCache full:https://registry.npmjs.org/unpipe cache-miss
188 http fetch GET 200 https://registry.npmjs.org/unpipe 31ms (cache miss)
189 silly packumentCache full:https://registry.npmjs.org/unpipe set size:undefined disposed:false
190 silly fetch manifest destroy@~1.2.0
191 silly packumentCache full:https://registry.npmjs.org/destroy cache-miss
192 http fetch GET 200 https://registry.npmjs.org/destroy 37ms (cache miss)
193 silly packumentCache full:https://registry.npmjs.org/destroy set size:undefined disposed:false
194 silly fetch manifest raw-body@~2.5.3
195 silly packumentCache full:https://registry.npmjs.org/raw-body cache-miss
196 http fetch GET 200 https://registry.npmjs.org/raw-body 32ms (cache miss)
197 silly packumentCache full:https://registry.npmjs.org/raw-body set size:undefined disposed:false
198 silly fetch manifest iconv-lite@~0.4.24
199 silly packumentCache full:https://registry.npmjs.org/iconv-lite cache-miss
200 http fetch GET 200 https://registry.npmjs.org/iconv-lite 38ms (cache miss)
201 silly packumentCache full:https://registry.npmjs.org/iconv-lite set size:undefined disposed:false
202 silly fetch manifest http-errors@~2.0.1
203 silly packumentCache full:https://registry.npmjs.org/http-errors cache-miss
204 http fetch GET 200 https://registry.npmjs.org/http-errors 12ms (cache hit)
205 silly packumentCache full:https://registry.npmjs.org/http-errors set size:71987 disposed:false
206 silly fetch manifest content-type@~1.0.5
207 silly packumentCache full:https://registry.npmjs.org/content-type cache-miss
208 http fetch GET 200 https://registry.npmjs.org/content-type 5ms (cache hit)
209 silly packumentCache full:https://registry.npmjs.org/content-type set size:17311 disposed:false
210 silly fetch manifest ms@2.0.0
211 silly packumentCache full:https://registry.npmjs.org/ms cache-miss
212 http fetch GET 200 https://registry.npmjs.org/ms 36ms (cache miss)
213 silly packumentCache full:https://registry.npmjs.org/ms set size:undefined disposed:false
214 silly fetch manifest statuses@~2.0.2
215 silly packumentCache full:https://registry.npmjs.org/statuses cache-miss
216 http fetch GET 200 https://registry.npmjs.org/statuses 5ms (cache hit)
217 silly packumentCache full:https://registry.npmjs.org/statuses set size:37117 disposed:false
218 silly fetch manifest inherits@~2.0.4
219 silly packumentCache full:https://registry.npmjs.org/inherits cache-miss
220 http fetch GET 200 https://registry.npmjs.org/inherits 41ms (cache miss)
221 silly packumentCache full:https://registry.npmjs.org/inherits set size:undefined disposed:false
222 silly fetch manifest setprototypeof@~1.2.0
223 silly packumentCache full:https://registry.npmjs.org/setprototypeof cache-miss
224 http fetch GET 200 https://registry.npmjs.org/setprototypeof 6ms (cache hit)
225 silly packumentCache full:https://registry.npmjs.org/setprototypeof set size:14532 disposed:false
226 silly fetch manifest toidentifier@~1.0.1
227 silly packumentCache full:https://registry.npmjs.org/toidentifier cache-miss
228 http fetch GET 200 https://registry.npmjs.org/toidentifier 30ms (cache miss)
229 silly packumentCache full:https://registry.npmjs.org/toidentifier set size:undefined disposed:false
230 silly fetch manifest ee-first@1.1.1
231 silly packumentCache full:https://registry.npmjs.org/ee-first cache-miss
232 http fetch GET 200 https://registry.npmjs.org/ee-first 42ms (cache miss)
233 silly packumentCache full:https://registry.npmjs.org/ee-first set size:undefined disposed:false
234 silly fetch manifest forwarded@0.2.0
235 silly packumentCache full:https://registry.npmjs.org/forwarded cache-miss
236 http fetch GET 200 https://registry.npmjs.org/forwarded 36ms (cache miss)
237 silly packumentCache full:https://registry.npmjs.org/forwarded set size:undefined disposed:false
238 silly fetch manifest ipaddr.js@1.9.1
239 silly packumentCache full:https://registry.npmjs.org/ipaddr.js cache-miss
240 http fetch GET 200 https://registry.npmjs.org/ipaddr.js 35ms (cache miss)
241 silly packumentCache full:https://registry.npmjs.org/ipaddr.js set size:undefined disposed:false
242 silly fetch manifest side-channel@^1.1.0
243 silly packumentCache full:https://registry.npmjs.org/side-channel cache-miss
244 http fetch GET 200 https://registry.npmjs.org/side-channel 32ms (cache miss)
245 silly packumentCache full:https://registry.npmjs.org/side-channel set size:undefined disposed:false
246 silly fetch manifest ms@2.1.3
247 silly packumentCache full:https://registry.npmjs.org/ms cache-miss
248 http fetch GET 200 https://registry.npmjs.org/ms 5ms (cache hit)
249 silly packumentCache full:https://registry.npmjs.org/ms set size:92208 disposed:false
250 silly fetch manifest mime@1.6.0
251 silly packumentCache full:https://registry.npmjs.org/mime cache-miss
252 http fetch GET 200 https://registry.npmjs.org/mime 30ms (cache miss)
253 silly packumentCache full:https://registry.npmjs.org/mime set size:undefined disposed:false
254 silly fetch manifest destroy@1.2.0
255 silly packumentCache full:https://registry.npmjs.org/destroy cache-miss
256 http fetch GET 200 https://registry.npmjs.org/destroy 7ms (cache hit)
257 silly packumentCache full:https://registry.npmjs.org/destroy set size:15683 disposed:false
258 silly fetch manifest mime-types@~2.1.24
259 silly packumentCache full:https://registry.npmjs.org/mime-types cache-miss
260 http fetch GET 200 https://registry.npmjs.org/mime-types 5ms (cache hit)
261 silly packumentCache full:https://registry.npmjs.org/mime-types set size:139110 disposed:false
262 silly fetch manifest media-typer@0.3.0
263 silly packumentCache full:https://registry.npmjs.org/media-typer cache-miss
264 http fetch GET 200 https://registry.npmjs.org/media-typer 27ms (cache miss)
265 silly packumentCache full:https://registry.npmjs.org/media-typer set size:undefined disposed:false
266 silly placeDep ROOT mime-types@2.1.35 OK for: accepts@1.3.8 want: ~2.1.34
267 silly placeDep ROOT negotiator@0.6.3 OK for: accepts@1.3.8 want: 0.6.3
268 silly fetch manifest mime-db@1.52.0
269 silly packumentCache full:https://registry.npmjs.org/mime-db cache-miss
270 http fetch GET 200 https://registry.npmjs.org/mime-db 41ms (cache miss)
271 silly packumentCache full:https://registry.npmjs.org/mime-db set size:undefined disposed:false
272 silly placeDep ROOT bytes@3.1.2 OK for: body-parser@1.20.4 want: ~3.1.2
273 silly placeDep ROOT destroy@1.2.0 OK for: body-parser@1.20.4 want: ~1.2.0
274 silly placeDep ROOT iconv-lite@0.4.24 OK for: body-parser@1.20.4 want: ~0.4.24
275 silly placeDep ROOT raw-body@2.5.3 OK for: body-parser@1.20.4 want: ~2.5.3
276 silly placeDep ROOT unpipe@1.0.0 OK for: body-parser@1.20.4 want: ~1.0.0
277 silly fetch manifest safer-buffer@>= 2.1.2 < 3
278 silly packumentCache full:https://registry.npmjs.org/safer-buffer cache-miss
279 http fetch GET 200 https://registry.npmjs.org/safer-buffer 31ms (cache miss)
280 silly packumentCache full:https://registry.npmjs.org/safer-buffer set size:undefined disposed:false
281 silly placeDep ROOT ms@2.0.0 OK for: debug@2.6.9 want: 2.0.0
282 silly placeDep ROOT inherits@2.0.4 OK for: http-errors@2.0.1 want: ~2.0.4
283 silly placeDep ROOT toidentifier@1.0.1 OK for: http-errors@2.0.1 want: ~1.0.1
284 silly placeDep ROOT safer-buffer@2.1.2 OK for: iconv-lite@0.4.24 want: >= 2.1.2 < 3
285 silly placeDep ROOT mime-db@1.52.0 OK for: mime-types@2.1.35 want: 1.52.0
286 silly placeDep ROOT ee-first@1.1.1 OK for: on-finished@2.4.1 want: 1.1.1
287 silly placeDep ROOT forwarded@0.2.0 OK for: proxy-addr@2.0.7 want: 0.2.0
288 silly placeDep ROOT ipaddr.js@1.9.1 OK for: proxy-addr@2.0.7 want: 1.9.1
289 silly placeDep ROOT side-channel@1.1.0 OK for: qs@6.14.1 want: ^1.1.0
290 silly fetch manifest es-errors@^1.3.0
291 silly packumentCache full:https://registry.npmjs.org/es-errors cache-miss
292 http fetch GET 200 https://registry.npmjs.org/es-errors 46ms (cache miss)
293 silly packumentCache full:https://registry.npmjs.org/es-errors set size:undefined disposed:false
294 silly fetch manifest object-inspect@^1.13.3
295 silly packumentCache full:https://registry.npmjs.org/object-inspect cache-miss
296 http fetch GET 200 https://registry.npmjs.org/object-inspect 34ms (cache miss)
297 silly packumentCache full:https://registry.npmjs.org/object-inspect set size:undefined disposed:false
298 silly fetch manifest side-channel-list@^1.0.0
299 silly packumentCache full:https://registry.npmjs.org/side-channel-list cache-miss
300 http fetch GET 200 https://registry.npmjs.org/side-channel-list 30ms (cache miss)
301 silly packumentCache full:https://registry.npmjs.org/side-channel-list set size:undefined disposed:false
302 silly fetch manifest side-channel-map@^1.0.1
303 silly packumentCache full:https://registry.npmjs.org/side-channel-map cache-miss
304 http fetch GET 200 https://registry.npmjs.org/side-channel-map 66ms (cache miss)
305 silly packumentCache full:https://registry.npmjs.org/side-channel-map set size:undefined disposed:false
306 silly fetch manifest side-channel-weakmap@^1.0.2
307 silly packumentCache full:https://registry.npmjs.org/side-channel-weakmap cache-miss
308 http fetch GET 200 https://registry.npmjs.org/side-channel-weakmap 35ms (cache miss)
309 silly packumentCache full:https://registry.npmjs.org/side-channel-weakmap set size:undefined disposed:false
310 silly placeDep ROOT mime@1.6.0 OK for: send@0.19.2 want: 1.6.0
311 silly placeDep node_modules/send ms@2.1.3 OK for: send@0.19.2 want: 2.1.3
312 silly placeDep ROOT es-errors@1.3.0 OK for: side-channel@1.1.0 want: ^1.3.0
313 silly placeDep ROOT object-inspect@1.13.4 OK for: side-channel@1.1.0 want: ^1.13.3
314 silly placeDep ROOT side-channel-list@1.0.0 OK for: side-channel@1.1.0 want: ^1.0.0
315 silly placeDep ROOT side-channel-map@1.0.1 OK for: side-channel@1.1.0 want: ^1.0.1
316 silly placeDep ROOT side-channel-weakmap@1.0.2 OK for: side-channel@1.1.0 want: ^1.0.2
317 silly fetch manifest call-bound@^1.0.2
318 silly packumentCache full:https://registry.npmjs.org/call-bound cache-miss
319 http fetch GET 200 https://registry.npmjs.org/call-bound 32ms (cache miss)
320 silly packumentCache full:https://registry.npmjs.org/call-bound set size:undefined disposed:false
321 silly fetch manifest get-intrinsic@^1.2.5
322 silly packumentCache full:https://registry.npmjs.org/get-intrinsic cache-miss
323 http fetch GET 200 https://registry.npmjs.org/get-intrinsic 52ms (cache miss)
324 silly packumentCache full:https://registry.npmjs.org/get-intrinsic set size:undefined disposed:false
325 silly placeDep ROOT call-bound@1.0.4 OK for: side-channel-map@1.0.1 want: ^1.0.2
326 silly placeDep ROOT get-intrinsic@1.3.0 OK for: side-channel-map@1.0.1 want: ^1.2.5
327 silly fetch manifest call-bind-apply-helpers@^1.0.2
328 silly packumentCache full:https://registry.npmjs.org/call-bind-apply-helpers cache-miss
329 http fetch GET 200 https://registry.npmjs.org/call-bind-apply-helpers 34ms (cache miss)
330 silly packumentCache full:https://registry.npmjs.org/call-bind-apply-helpers set size:undefined disposed:false
331 silly fetch manifest get-intrinsic@^1.3.0
332 silly packumentCache full:https://registry.npmjs.org/get-intrinsic cache-miss
333 http fetch GET 200 https://registry.npmjs.org/get-intrinsic 9ms (cache hit)
334 silly packumentCache full:https://registry.npmjs.org/get-intrinsic set size:60985 disposed:false
335 silly fetch manifest gopd@^1.2.0
336 silly packumentCache full:https://registry.npmjs.org/gopd cache-miss
337 http fetch GET 200 https://registry.npmjs.org/gopd 39ms (cache miss)
338 silly packumentCache full:https://registry.npmjs.org/gopd set size:undefined disposed:false
339 silly fetch manifest hasown@^2.0.2
340 silly packumentCache full:https://registry.npmjs.org/hasown cache-miss
341 http fetch GET 200 https://registry.npmjs.org/hasown 28ms (cache miss)
342 silly packumentCache full:https://registry.npmjs.org/hasown set size:undefined disposed:false
343 silly fetch manifest get-proto@^1.0.1
344 silly packumentCache full:https://registry.npmjs.org/get-proto cache-miss
345 http fetch GET 200 https://registry.npmjs.org/get-proto 40ms (cache miss)
346 silly packumentCache full:https://registry.npmjs.org/get-proto set size:undefined disposed:false
347 silly fetch manifest has-symbols@^1.1.0
348 silly packumentCache full:https://registry.npmjs.org/has-symbols cache-miss
349 http fetch GET 200 https://registry.npmjs.org/has-symbols 27ms (cache miss)
350 silly packumentCache full:https://registry.npmjs.org/has-symbols set size:undefined disposed:false
351 silly fetch manifest function-bind@^1.1.2
352 silly packumentCache full:https://registry.npmjs.org/function-bind cache-miss
353 http fetch GET 200 https://registry.npmjs.org/function-bind 24ms (cache miss)
354 silly packumentCache full:https://registry.npmjs.org/function-bind set size:undefined disposed:false
355 silly fetch manifest es-object-atoms@^1.1.1
356 silly packumentCache full:https://registry.npmjs.org/es-object-atoms cache-miss
357 http fetch GET 200 https://registry.npmjs.org/es-object-atoms 43ms (cache miss)
358 silly packumentCache full:https://registry.npmjs.org/es-object-atoms set size:undefined disposed:false
359 silly fetch manifest math-intrinsics@^1.1.0
360 silly packumentCache full:https://registry.npmjs.org/math-intrinsics cache-miss
361 http fetch GET 200 https://registry.npmjs.org/math-intrinsics 28ms (cache miss)
362 silly packumentCache full:https://registry.npmjs.org/math-intrinsics set size:undefined disposed:false
363 silly fetch manifest es-define-property@^1.0.1
364 silly packumentCache full:https://registry.npmjs.org/es-define-property cache-miss
365 http fetch GET 200 https://registry.npmjs.org/es-define-property 33ms (cache miss)
366 silly packumentCache full:https://registry.npmjs.org/es-define-property set size:undefined disposed:false
367 silly placeDep ROOT call-bind-apply-helpers@1.0.2 OK for: call-bound@1.0.4 want: ^1.0.2
368 silly placeDep ROOT function-bind@1.1.2 OK for: call-bind-apply-helpers@1.0.2 want: ^1.1.2
369 silly placeDep ROOT es-define-property@1.0.1 OK for: get-intrinsic@1.3.0 want: ^1.0.1
370 silly placeDep ROOT es-object-atoms@1.1.1 OK for: get-intrinsic@1.3.0 want: ^1.1.1
371 silly placeDep ROOT get-proto@1.0.1 OK for: get-intrinsic@1.3.0 want: ^1.0.1
372 silly placeDep ROOT gopd@1.2.0 OK for: get-intrinsic@1.3.0 want: ^1.2.0
373 silly placeDep ROOT has-symbols@1.1.0 OK for: get-intrinsic@1.3.0 want: ^1.1.0
374 silly placeDep ROOT hasown@2.0.2 OK for: get-intrinsic@1.3.0 want: ^2.0.2
375 silly placeDep ROOT math-intrinsics@1.1.0 OK for: get-intrinsic@1.3.0 want: ^1.1.0
376 silly fetch manifest dunder-proto@^1.0.1
377 silly packumentCache full:https://registry.npmjs.org/dunder-proto cache-miss
378 http fetch GET 200 https://registry.npmjs.org/dunder-proto 29ms (cache miss)
379 silly packumentCache full:https://registry.npmjs.org/dunder-proto set size:undefined disposed:false
380 silly placeDep ROOT dunder-proto@1.0.1 OK for: get-proto@1.0.1 want: ^1.0.1
381 silly placeDep ROOT media-typer@0.3.0 OK for: type-is@1.6.18 want: 0.3.0
382 silly reify moves {}
383 silly tarball no local data for media-typer@https://registry.npmjs.org/media-typer/-/media-typer-0.3.0.tgz. Extracting by manifest.
384 silly tarball no local data for dunder-proto@https://registry.npmjs.org/dunder-proto/-/dunder-proto-1.0.1.tgz. Extracting by manifest.
385 silly tarball no local data for math-intrinsics@https://registry.npmjs.org/math-intrinsics/-/math-intrinsics-1.1.0.tgz. Extracting by manifest.
386 silly tarball no local data for hasown@https://registry.npmjs.org/hasown/-/hasown-2.0.2.tgz. Extracting by manifest.
387 silly tarball no local data for has-symbols@https://registry.npmjs.org/has-symbols/-/has-symbols-1.1.0.tgz. Extracting by manifest.
388 silly tarball no local data for gopd@https://registry.npmjs.org/gopd/-/gopd-1.2.0.tgz. Extracting by manifest.
389 silly tarball no local data for get-proto@https://registry.npmjs.org/get-proto/-/get-proto-1.0.1.tgz. Extracting by manifest.
390 silly tarball no local data for es-object-atoms@https://registry.npmjs.org/es-object-atoms/-/es-object-atoms-1.1.1.tgz. Extracting by manifest.
391 silly tarball no local data for es-define-property@https://registry.npmjs.org/es-define-property/-/es-define-property-1.0.1.tgz. Extracting by manifest.
392 silly tarball no local data for call-bind-apply-helpers@https://registry.npmjs.org/call-bind-apply-helpers/-/call-bind-apply-helpers-1.0.2.tgz. Extracting by manifest.
393 silly tarball no local data for function-bind@https://registry.npmjs.org/function-bind/-/function-bind-1.1.2.tgz. Extracting by manifest.
394 silly tarball no local data for get-intrinsic@https://registry.npmjs.org/get-intrinsic/-/get-intrinsic-1.3.0.tgz. Extracting by manifest.
395 silly tarball no local data for call-bound@https://registry.npmjs.org/call-bound/-/call-bound-1.0.4.tgz. Extracting by manifest.
396 silly tarball no local data for side-channel-weakmap@https://registry.npmjs.org/side-channel-weakmap/-/side-channel-weakmap-1.0.2.tgz. Extracting by manifest.
397 silly tarball no local data for side-channel-list@https://registry.npmjs.org/side-channel-list/-/side-channel-list-1.0.0.tgz. Extracting by manifest.
398 silly tarball no local data for object-inspect@https://registry.npmjs.org/object-inspect/-/object-inspect-1.13.4.tgz. Extracting by manifest.
399 silly tarball no local data for es-errors@https://registry.npmjs.org/es-errors/-/es-errors-1.3.0.tgz. Extracting by manifest.
400 silly tarball no local data for mime@https://registry.npmjs.org/mime/-/mime-1.6.0.tgz. Extracting by manifest.
401 silly tarball no local data for side-channel@https://registry.npmjs.org/side-channel/-/side-channel-1.1.0.tgz. Extracting by manifest.
402 silly tarball no local data for forwarded@https://registry.npmjs.org/forwarded/-/forwarded-0.2.0.tgz. Extracting by manifest.
403 silly tarball no local data for side-channel-map@https://registry.npmjs.org/side-channel-map/-/side-channel-map-1.0.1.tgz. Extracting by manifest.
404 silly tarball no local data for ipaddr.js@https://registry.npmjs.org/ipaddr.js/-/ipaddr.js-1.9.1.tgz. Extracting by manifest.
405 silly tarball no local data for ee-first@https://registry.npmjs.org/ee-first/-/ee-first-1.1.1.tgz. Extracting by manifest.
406 silly tarball no local data for mime-db@https://registry.npmjs.org/mime-db/-/mime-db-1.52.0.tgz. Extracting by manifest.
407 silly tarball no local data for safer-buffer@https://registry.npmjs.org/safer-buffer/-/safer-buffer-2.1.2.tgz. Extracting by manifest.
408 silly tarball no local data for toidentifier@https://registry.npmjs.org/toidentifier/-/toidentifier-1.0.1.tgz. Extracting by manifest.
409 silly tarball no local data for inherits@https://registry.npmjs.org/inherits/-/inherits-2.0.4.tgz. Extracting by manifest.
410 silly tarball no local data for ms@https://registry.npmjs.org/ms/-/ms-2.0.0.tgz. Extracting by manifest.
411 silly tarball no local data for unpipe@https://registry.npmjs.org/unpipe/-/unpipe-1.0.0.tgz. Extracting by manifest.
412 silly tarball no local data for raw-body@https://registry.npmjs.org/raw-body/-/raw-body-2.5.3.tgz. Extracting by manifest.
413 silly tarball no local data for iconv-lite@https://registry.npmjs.org/iconv-lite/-/iconv-lite-0.4.24.tgz. Extracting by manifest.
414 silly tarball no local data for destroy@https://registry.npmjs.org/destroy/-/destroy-1.2.0.tgz. Extracting by manifest.
415 silly tarball no local data for bytes@https://registry.npmjs.org/bytes/-/bytes-3.1.2.tgz. Extracting by manifest.
416 silly tarball no local data for negotiator@https://registry.npmjs.org/negotiator/-/negotiator-0.6.3.tgz. Extracting by manifest.
417 silly tarball no local data for mime-types@https://registry.npmjs.org/mime-types/-/mime-types-2.1.35.tgz. Extracting by manifest.
418 silly tarball no local data for vary@https://registry.npmjs.org/vary/-/vary-1.1.2.tgz. Extracting by manifest.
419 silly tarball no local data for utils-merge@https://registry.npmjs.org/utils-merge/-/utils-merge-1.0.1.tgz. Extracting by manifest.
420 silly tarball no local data for type-is@https://registry.npmjs.org/type-is/-/type-is-1.6.18.tgz. Extracting by manifest.
421 silly tarball no local data for statuses@https://registry.npmjs.org/statuses/-/statuses-2.0.2.tgz. Extracting by manifest.
422 silly tarball no local data for setprototypeof@https://registry.npmjs.org/setprototypeof/-/setprototypeof-1.2.0.tgz. Extracting by manifest.
423 silly tarball no local data for serve-static@https://registry.npmjs.org/serve-static/-/serve-static-1.16.3.tgz. Extracting by manifest.
424 silly tarball no local data for send@https://registry.npmjs.org/send/-/send-0.19.2.tgz. Extracting by manifest.
425 silly tarball no local data for safe-buffer@https://registry.npmjs.org/safe-buffer/-/safe-buffer-5.2.1.tgz. Extracting by manifest.
426 silly tarball no local data for range-parser@https://registry.npmjs.org/range-parser/-/range-parser-1.2.1.tgz. Extracting by manifest.
427 silly tarball no local data for qs@https://registry.npmjs.org/qs/-/qs-6.14.1.tgz. Extracting by manifest.
428 silly tarball no local data for proxy-addr@https://registry.npmjs.org/proxy-addr/-/proxy-addr-2.0.7.tgz. Extracting by manifest.
429 silly tarball no local data for path-to-regexp@https://registry.npmjs.org/path-to-regexp/-/path-to-regexp-0.1.12.tgz. Extracting by manifest.
430 silly tarball no local data for parseurl@https://registry.npmjs.org/parseurl/-/parseurl-1.3.3.tgz. Extracting by manifest.
431 silly tarball no local data for on-finished@https://registry.npmjs.org/on-finished/-/on-finished-2.4.1.tgz. Extracting by manifest.
432 silly tarball no local data for methods@https://registry.npmjs.org/methods/-/methods-1.1.2.tgz. Extracting by manifest.
433 silly tarball no local data for http-errors@https://registry.npmjs.org/http-errors/-/http-errors-2.0.1.tgz. Extracting by manifest.
434 silly tarball no local data for fresh@https://registry.npmjs.org/fresh/-/fresh-0.5.2.tgz. Extracting by manifest.
435 silly tarball no local data for merge-descriptors@https://registry.npmjs.org/merge-descriptors/-/merge-descriptors-1.0.3.tgz. Extracting by manifest.
436 silly tarball no local data for finalhandler@https://registry.npmjs.org/finalhandler/-/finalhandler-1.3.2.tgz. Extracting by manifest.
437 silly tarball no local data for etag@https://registry.npmjs.org/etag/-/etag-1.8.1.tgz. Extracting by manifest.
438 silly tarball no local data for escape-html@https://registry.npmjs.org/escape-html/-/escape-html-1.0.3.tgz. Extracting by manifest.
439 silly tarball no local data for encodeurl@https://registry.npmjs.org/encodeurl/-/encodeurl-2.0.0.tgz. Extracting by manifest.
440 silly tarball no local data for depd@https://registry.npmjs.org/depd/-/depd-2.0.0.tgz. Extracting by manifest.
441 silly tarball no local data for debug@https://registry.npmjs.org/debug/-/debug-2.6.9.tgz. Extracting by manifest.
442 silly tarball no local data for cookie-signature@https://registry.npmjs.org/cookie-signature/-/cookie-signature-1.0.7.tgz. Extracting by manifest.
443 silly tarball no local data for cookie@https://registry.npmjs.org/cookie/-/cookie-0.7.2.tgz. Extracting by manifest.
444 silly tarball no local data for content-type@https://registry.npmjs.org/content-type/-/content-type-1.0.5.tgz. Extracting by manifest.
445 silly tarball no local data for content-disposition@https://registry.npmjs.org/content-disposition/-/content-disposition-0.5.4.tgz. Extracting by manifest.
446 silly tarball no local data for body-parser@https://registry.npmjs.org/body-parser/-/body-parser-1.20.4.tgz. Extracting by manifest.
447 silly tarball no local data for array-flatten@https://registry.npmjs.org/array-flatten/-/array-flatten-1.1.1.tgz. Extracting by manifest.
448 silly tarball no local data for accepts@https://registry.npmjs.org/accepts/-/accepts-1.3.8.tgz. Extracting by manifest.
449 silly tarball no local data for express@https://registry.npmjs.org/express/-/express-4.22.1.tgz. Extracting by manifest.
450 silly tarball no local data for ms@https://registry.npmjs.org/ms/-/ms-2.1.3.tgz. Extracting by manifest.
451 http fetch GET 200 https://registry.npmjs.org/media-typer/-/media-typer-0.3.0.tgz 408ms (cache miss)
452 http fetch GET 200 https://registry.npmjs.org/get-proto/-/get-proto-1.0.1.tgz 649ms (cache miss)
453 http fetch GET 200 https://registry.npmjs.org/es-errors/-/es-errors-1.3.0.tgz 642ms (cache miss)
454 http fetch GET 200 https://registry.npmjs.org/hasown/-/hasown-2.0.2.tgz 668ms (cache miss)
455 http fetch GET 200 https://registry.npmjs.org/forwarded/-/forwarded-0.2.0.tgz 728ms (cache miss)
456 http fetch GET 200 https://registry.npmjs.org/side-channel-map/-/side-channel-map-1.0.1.tgz 723ms (cache miss)
457 http fetch GET 200 https://registry.npmjs.org/bytes/-/bytes-3.1.2.tgz 743ms (cache miss)
458 http fetch GET 200 https://registry.npmjs.org/gopd/-/gopd-1.2.0.tgz 777ms (cache miss)
459 http fetch GET 200 https://registry.npmjs.org/toidentifier/-/toidentifier-1.0.1.tgz 758ms (cache miss)
460 http fetch GET 200 https://registry.npmjs.org/es-define-property/-/es-define-property-1.0.1.tgz 786ms (cache miss)
461 http fetch GET 200 https://registry.npmjs.org/ee-first/-/ee-first-1.1.1.tgz 772ms (cache miss)
462 http fetch GET 200 https://registry.npmjs.org/inherits/-/inherits-2.0.4.tgz 770ms (cache miss)
463 http fetch GET 200 https://registry.npmjs.org/destroy/-/destroy-1.2.0.tgz 768ms (cache miss)
464 http fetch GET 200 https://registry.npmjs.org/utils-merge/-/utils-merge-1.0.1.tgz 766ms (cache miss)
465 http fetch GET 200 https://registry.npmjs.org/setprototypeof/-/setprototypeof-1.2.0.tgz 765ms (cache miss)
466 http fetch GET 200 https://registry.npmjs.org/http-errors/-/http-errors-2.0.1.tgz 759ms (cache miss)
467 http fetch GET 200 https://registry.npmjs.org/cookie-signature/-/cookie-signature-1.0.7.tgz 747ms (cache miss)
468 http fetch GET 200 https://registry.npmjs.org/side-channel-weakmap/-/side-channel-weakmap-1.0.2.tgz 794ms (cache miss)
469 http fetch GET 200 https://registry.npmjs.org/unpipe/-/unpipe-1.0.0.tgz 778ms (cache miss)
470 http fetch GET 200 https://registry.npmjs.org/proxy-addr/-/proxy-addr-2.0.7.tgz 772ms (cache miss)
471 http fetch GET 200 https://registry.npmjs.org/encodeurl/-/encodeurl-2.0.0.tgz 757ms (cache miss)
472 http fetch GET 200 https://registry.npmjs.org/dunder-proto/-/dunder-proto-1.0.1.tgz 810ms (cache miss)
473 http fetch GET 200 https://registry.npmjs.org/es-object-atoms/-/es-object-atoms-1.1.1.tgz 810ms (cache miss)
474 http fetch GET 200 https://registry.npmjs.org/ms/-/ms-2.0.0.tgz 792ms (cache miss)
475 http fetch GET 200 https://registry.npmjs.org/escape-html/-/escape-html-1.0.3.tgz 768ms (cache miss)
476 http fetch GET 200 https://registry.npmjs.org/side-channel/-/side-channel-1.1.0.tgz 808ms (cache miss)
477 http fetch GET 200 https://registry.npmjs.org/raw-body/-/raw-body-2.5.3.tgz 800ms (cache miss)
478 http fetch GET 200 https://registry.npmjs.org/type-is/-/type-is-1.6.18.tgz 795ms (cache miss)
479 http fetch GET 200 https://registry.npmjs.org/range-parser/-/range-parser-1.2.1.tgz 793ms (cache miss)
480 http fetch GET 200 https://registry.npmjs.org/path-to-regexp/-/path-to-regexp-0.1.12.tgz 792ms (cache miss)
481 http fetch GET 200 https://registry.npmjs.org/mime-types/-/mime-types-2.1.35.tgz 805ms (cache miss)
482 http fetch GET 200 https://registry.npmjs.org/vary/-/vary-1.1.2.tgz 805ms (cache miss)
483 http fetch GET 200 https://registry.npmjs.org/statuses/-/statuses-2.0.2.tgz 803ms (cache miss)
484 http fetch GET 200 https://registry.npmjs.org/on-finished/-/on-finished-2.4.1.tgz 797ms (cache miss)
485 http fetch GET 200 https://registry.npmjs.org/parseurl/-/parseurl-1.3.3.tgz 799ms (cache miss)
486 http fetch GET 200 https://registry.npmjs.org/array-flatten/-/array-flatten-1.1.1.tgz 782ms (cache miss)
487 http fetch GET 200 https://registry.npmjs.org/merge-descriptors/-/merge-descriptors-1.0.3.tgz 801ms (cache miss)
488 http fetch GET 200 https://registry.npmjs.org/side-channel-list/-/side-channel-list-1.0.0.tgz 836ms (cache miss)
489 http fetch GET 200 https://registry.npmjs.org/ipaddr.js/-/ipaddr.js-1.9.1.tgz 824ms (cache miss)
490 http fetch GET 200 https://registry.npmjs.org/fresh/-/fresh-0.5.2.tgz 808ms (cache miss)
491 http fetch GET 200 https://registry.npmjs.org/etag/-/etag-1.8.1.tgz 798ms (cache miss)
492 http fetch GET 200 https://registry.npmjs.org/finalhandler/-/finalhandler-1.3.2.tgz 802ms (cache miss)
493 http fetch GET 200 https://registry.npmjs.org/methods/-/methods-1.1.2.tgz 815ms (cache miss)
494 http fetch GET 200 https://registry.npmjs.org/accepts/-/accepts-1.3.8.tgz 798ms (cache miss)
495 http fetch GET 200 https://registry.npmjs.org/safer-buffer/-/safer-buffer-2.1.2.tgz 834ms (cache miss)
496 http fetch GET 200 https://registry.npmjs.org/content-type/-/content-type-1.0.5.tgz 805ms (cache miss)
497 http fetch GET 200 https://registry.npmjs.org/ms/-/ms-2.1.3.tgz 802ms (cache miss)
498 http fetch GET 200 https://registry.npmjs.org/call-bound/-/call-bound-1.0.4.tgz 853ms (cache miss)
499 http fetch GET 200 https://registry.npmjs.org/negotiator/-/negotiator-0.6.3.tgz 835ms (cache miss)
500 http fetch GET 200 https://registry.npmjs.org/safe-buffer/-/safe-buffer-5.2.1.tgz 829ms (cache miss)
501 http fetch GET 200 https://registry.npmjs.org/cookie/-/cookie-0.7.2.tgz 812ms (cache miss)
502 http fetch GET 200 https://registry.npmjs.org/function-bind/-/function-bind-1.1.2.tgz 861ms (cache miss)
503 http fetch GET 200 https://registry.npmjs.org/content-disposition/-/content-disposition-0.5.4.tgz 813ms (cache miss)
504 http fetch GET 200 https://registry.npmjs.org/depd/-/depd-2.0.0.tgz 819ms (cache miss)
505 http fetch GET 200 https://registry.npmjs.org/has-symbols/-/has-symbols-1.1.0.tgz 870ms (cache miss)
506 http fetch GET 200 https://registry.npmjs.org/call-bind-apply-helpers/-/call-bind-apply-helpers-1.0.2.tgz 867ms (cache miss)
507 http fetch GET 200 https://registry.npmjs.org/send/-/send-0.19.2.tgz 841ms (cache miss)
508 http fetch GET 200 https://registry.npmjs.org/serve-static/-/serve-static-1.16.3.tgz 841ms (cache miss)
509 http fetch GET 200 https://registry.npmjs.org/get-intrinsic/-/get-intrinsic-1.3.0.tgz 869ms (cache miss)
510 http fetch GET 200 https://registry.npmjs.org/mime/-/mime-1.6.0.tgz 870ms (cache miss)
511 http fetch GET 200 https://registry.npmjs.org/debug/-/debug-2.6.9.tgz 832ms (cache miss)
512 http fetch GET 200 https://registry.npmjs.org/object-inspect/-/object-inspect-1.13.4.tgz 882ms (cache miss)
513 http fetch GET 200 https://registry.npmjs.org/mime-db/-/mime-db-1.52.0.tgz 871ms (cache miss)
514 http fetch GET 200 https://registry.npmjs.org/math-intrinsics/-/math-intrinsics-1.1.0.tgz 899ms (cache miss)
515 http fetch GET 200 https://registry.npmjs.org/body-parser/-/body-parser-1.20.4.tgz 849ms (cache miss)
516 http fetch GET 200 https://registry.npmjs.org/qs/-/qs-6.14.1.tgz 896ms (cache miss)
517 http fetch GET 200 https://registry.npmjs.org/express/-/express-4.22.1.tgz 877ms (cache miss)
518 http fetch GET 200 https://registry.npmjs.org/iconv-lite/-/iconv-lite-0.4.24.tgz 916ms (cache miss)
519 verbose cwd /home/martin/miproyectovps/panel
520 verbose os Linux 5.15.0-164-generic
521 verbose node v20.19.6
522 verbose npm  v10.8.2
523 verbose exit 0
524 info ok
