0 verbose cli /usr/bin/node /usr/bin/npm
1 info using npm@10.8.2
2 info using node@v20.19.6
3 silly config load:file:/usr/lib/node_modules/npm/npmrc
4 silly config load:file:/home/martin/.cache/typescript/5.9/.npmrc
5 silly config load:file:/home/martin/.npmrc
6 silly config load:file:/usr/etc/npmrc
7 verbose title npm install types-registry@latest
8 verbose argv "install" "--ignore-scripts" "types-registry@latest"
9 verbose logfile logs-max:10 dir:/home/martin/.npm/_logs/2026-01-13T00_14_11_520Z-
10 verbose logfile /home/martin/.npm/_logs/2026-01-13T00_14_11_520Z-debug-0.log
11 silly packumentCache heap:2197815296 maxSize:549453824 maxEntrySize:274726912
12 silly logfile done cleaning log files
13 silly packumentCache corgi:https://registry.npmjs.org/types-registry cache-miss
14 http fetch GET 200 https://registry.npmjs.org/types-registry 180ms (cache revalidated)
15 silly packumentCache corgi:https://registry.npmjs.org/types-registry set size:615752 disposed:false
16 silly idealTree buildDeps
17 silly fetch manifest types-registry@0.1.753
18 silly packumentCache full:https://registry.npmjs.org/types-registry cache-miss
19 http fetch GET 200 https://registry.npmjs.org/types-registry 79ms (cache revalidated)
20 silly packumentCache full:https://registry.npmjs.org/types-registry set size:1323380 disposed:false
21 silly placeDep ROOT types-registry@0.1.753 REPLACE for:  want: 0.1.753
22 silly reify moves {}
23 silly audit bulk request {
23 silly audit   '@types/body-parser': [ '1.19.6' ],
23 silly audit   '@types/connect': [ '3.4.38' ],
23 silly audit   '@types/express': [ '5.0.6' ],
23 silly audit   '@types/express-serve-static-core': [ '5.1.1' ],
23 silly audit   '@types/http-errors': [ '2.0.5' ],
23 silly audit   '@types/node': [ '25.0.6' ],
23 silly audit   '@types/qs': [ '6.14.0' ],
23 silly audit   '@types/range-parser': [ '1.2.7' ],
23 silly audit   '@types/react': [ '19.2.8' ],
23 silly audit   '@types/send': [ '1.2.1' ],
23 silly audit   '@types/serve-static': [ '2.2.0' ],
23 silly audit   csstype: [ '3.2.3' ],
23 silly audit   'undici-types': [ '7.16.0' ],
23 silly audit   'types-registry': [ '0.1.753' ]
23 silly audit }
24 http fetch POST 200 https://registry.npmjs.org/-/npm/v1/security/advisories/bulk 224ms
25 silly audit report {}
26 verbose cwd /home/martin/.cache/typescript/5.9
27 verbose os Linux 5.15.0-164-generic
28 verbose node v20.19.6
29 verbose npm  v10.8.2
30 verbose exit 0
31 info ok
