0 verbose cli /usr/bin/node /usr/bin/npm
1 info using npm@10.8.2
2 info using node@v20.19.6
3 silly config load:file:/usr/lib/node_modules/npm/npmrc
4 silly config load:file:/home/martin/miproyectovps/panel/.npmrc
5 silly config load:file:/home/martin/.npmrc
6 silly config load:file:/usr/etc/npmrc
7 verbose title npm install express
8 verbose argv "install" "express" "--no-audit" "--no-fund"
9 verbose logfile logs-max:10 dir:/home/martin/.npm/_logs/2026-01-13T01_21_52_233Z-
10 verbose logfile /home/martin/.npm/_logs/2026-01-13T01_21_52_233Z-debug-0.log
11 silly packumentCache heap:2197815296 maxSize:549453824 maxEntrySize:274726912
12 silly logfile done cleaning log files
13 silly idealTree buildDeps
14 silly fetch manifest express@^4.18.2
15 silly packumentCache full:https://registry.npmjs.org/express cache-miss
16 http fetch GET 200 https://registry.npmjs.org/express 141ms (cache revalidated)
17 silly packumentCache full:https://registry.npmjs.org/express set size:801203 disposed:false
18 silly placeDep ROOT express@4.22.1 REPLACE for: vps-panel@0.1.0 want: ^4.18.2
19 silly reify moves {}
20 verbose cwd /home/martin/miproyectovps/panel
21 verbose os Linux 5.15.0-164-generic
22 verbose node v20.19.6
23 verbose npm  v10.8.2
24 verbose exit 0
25 info ok
