0 verbose cli /usr/bin/node /usr/bin/npm
1 info using npm@10.8.2
2 info using node@v20.19.6
3 silly config load:file:/usr/lib/node_modules/npm/npmrc
4 silly config load:file:/home/martin/.cache/typescript/5.9/.npmrc
5 silly config load:file:/home/martin/.npmrc
6 silly config load:file:/usr/etc/npmrc
7 verbose title npm install types-registry@latest
8 verbose argv "install" "--ignore-scripts" "types-registry@latest"
9 verbose logfile logs-max:10 dir:/home/martin/.npm/_logs/2026-01-10T23_07_45_663Z-
10 verbose logfile /home/martin/.npm/_logs/2026-01-10T23_07_45_663Z-debug-0.log
11 silly packumentCache heap:2197815296 maxSize:549453824 maxEntrySize:274726912
12 silly logfile done cleaning log files
13 silly packumentCache corgi:https://registry.npmjs.org/types-registry cache-miss
14 http fetch GET 200 https://registry.npmjs.org/types-registry 218ms (cache miss)
15 silly packumentCache corgi:https://registry.npmjs.org/types-registry set size:undefined disposed:false
16 silly idealTree buildDeps
17 silly fetch manifest types-registry@0.1.753
18 silly packumentCache full:https://registry.npmjs.org/types-registry cache-miss
19 http fetch GET 200 https://registry.npmjs.org/types-registry 109ms (cache miss)
20 silly packumentCache full:https://registry.npmjs.org/types-registry set size:undefined disposed:false
21 silly placeDep ROOT types-registry@0.1.753 OK for:  want: 0.1.753
22 silly reify moves {}
23 silly audit bulk request { 'types-registry': [ '0.1.753' ] }
24 silly tarball no local data for types-registry@https://registry.npmjs.org/types-registry/-/types-registry-0.1.753.tgz. Extracting by manifest.
25 http fetch GET 200 https://registry.npmjs.org/types-registry/-/types-registry-0.1.753.tgz 171ms (cache miss)
26 http fetch POST 200 https://registry.npmjs.org/-/npm/v1/security/advisories/bulk 232ms
27 silly audit report {}
28 silly ADD node_modules/types-registry
29 verbose cwd /home/martin/.cache/typescript/5.9
30 verbose os Linux 5.15.0-164-generic
31 verbose node v20.19.6
32 verbose npm  v10.8.2
33 verbose exit 0
34 info ok
