0 verbose cli /usr/bin/node /usr/bin/npm
1 info using npm@10.8.2
2 info using node@v20.19.6
3 silly config load:file:/usr/lib/node_modules/npm/npmrc
4 silly config load:file:/home/martin/miproyectovps/panel/.npmrc
5 silly config load:file:/home/martin/.npmrc
6 silly config load:file:/usr/etc/npmrc
7 verbose title npm install
8 verbose argv "install" "--no-audit" "--no-fund"
9 verbose logfile logs-max:10 dir:/home/martin/.npm/_logs/2026-01-10T23_09_06_488Z-
10 verbose logfile /home/martin/.npm/_logs/2026-01-10T23_09_06_488Z-debug-0.log
11 silly packumentCache heap:2197815296 maxSize:549453824 maxEntrySize:274726912
12 silly logfile done cleaning log files
13 verbose stack JSONParseError: Unexpected non-whitespace character after JSON at position 277 while parsing near "...s\": \"^4.18.2\"\n  }\n}\n{\n  \"name\": \"vps-pan..."
13 verbose stack     at /usr/lib/node_modules/npm/node_modules/read-package-json-fast/lib/index.js:7:61
13 verbose stack     at async #initTree (/usr/lib/node_modules/npm/node_modules/@npmcli/arborist/lib/arborist/build-ideal-tree.js:265:21)
13 verbose stack     at async Arborist.buildIdealTree (/usr/lib/node_modules/npm/node_modules/@npmcli/arborist/lib/arborist/build-ideal-tree.js:178:7)
13 verbose stack     at async Promise.all (index 1)
13 verbose stack     at async Arborist.reify (/usr/lib/node_modules/npm/node_modules/@npmcli/arborist/lib/arborist/reify.js:131:5)
13 verbose stack     at async Install.exec (/usr/lib/node_modules/npm/lib/commands/install.js:150:5)
13 verbose stack     at async Npm.exec (/usr/lib/node_modules/npm/lib/npm.js:207:9)
13 verbose stack     at async module.exports (/usr/lib/node_modules/npm/lib/cli/entry.js:74:5)
14 error code EJSONPARSE
15 error path /home/martin/miproyectovps/panel/package.json
16 error JSON.parse Unexpected non-whitespace character after JSON at position 277 while parsing near "...s\": \"^4.18.2\"\n  }\n}\n{\n  \"name\": \"vps-pan..."
17 error JSON.parse Failed to parse JSON data.
17 error JSON.parse Note: package.json must be actual JSON, not just JavaScript.
18 silly unfinished npm timer reify 1768086546800
19 silly unfinished npm timer reify:loadTrees 1768086546808
20 silly unfinished npm timer idealTree:init 1768086546810
21 verbose cwd /home/martin/miproyectovps/panel
22 verbose os Linux 5.15.0-164-generic
23 verbose node v20.19.6
24 verbose npm  v10.8.2
25 verbose exit 1
26 verbose code 1
27 error A complete log of this run can be found in: /home/martin/.npm/_logs/2026-01-10T23_09_06_488Z-debug-0.log
