0 verbose cli /usr/bin/node /usr/bin/npm
1 info using npm@10.8.2
2 info using node@v20.19.6
3 silly config load:file:/usr/lib/node_modules/npm/npmrc
4 silly config load:file:/home/martin/miproyectovps/panel/.npmrc
5 silly config load:file:/home/martin/.npmrc
6 silly config load:file:/usr/etc/npmrc
7 verbose title npm install
8 verbose argv "install" "--no-audit" "--no-fund" "--loglevel" "silent"
9 verbose logfile logs-max:10 dir:/home/martin/.npm/_logs/2026-01-10T19_33_07_225Z-
10 verbose logfile /home/martin/.npm/_logs/2026-01-10T19_33_07_225Z-debug-0.log
11 silly packumentCache heap:2197815296 maxSize:549453824 maxEntrySize:274726912
12 silly logfile done cleaning log files
13 silly idealTree buildDeps
14 silly reify moves {}
15 verbose cwd /home/martin/miproyectovps/panel
16 verbose os Linux 5.15.0-164-generic
17 verbose node v20.19.6
18 verbose npm  v10.8.2
19 verbose exit 0
20 info ok
